stm32f4xx_adc.c:213:6:ADC_DeInit	8	static
stm32f4xx_adc.c:235:6:ADC_Init	24	static
stm32f4xx_adc.c:303:6:ADC_StructInit	16	static
stm32f4xx_adc.c:334:6:ADC_CommonInit	24	static
stm32f4xx_adc.c:367:6:ADC_CommonStructInit	16	static
stm32f4xx_adc.c:389:6:ADC_Cmd	16	static
stm32f4xx_adc.c:443:6:ADC_AnalogWatchdogCmd	24	static
stm32f4xx_adc.c:470:6:ADC_AnalogWatchdogThresholdsConfig	16	static
stm32f4xx_adc.c:508:6:ADC_AnalogWatchdogSingleChannelConfig	24	static
stm32f4xx_adc.c:570:6:ADC_TempSensorVrefintCmd	16	static
stm32f4xx_adc.c:595:6:ADC_VBATCmd	16	static
stm32f4xx_adc.c:694:6:ADC_RegularChannelConfig	24	static
stm32f4xx_adc.c:810:6:ADC_SoftwareStartConv	16	static
stm32f4xx_adc.c:823:12:ADC_GetSoftwareStartConvStatus	24	static
stm32f4xx_adc.c:852:6:ADC_EOCOnEachRegularChannelCmd	16	static
stm32f4xx_adc.c:875:6:ADC_ContinuousModeCmd	16	static
stm32f4xx_adc.c:899:6:ADC_DiscModeChannelCountConfig	24	static
stm32f4xx_adc.c:928:6:ADC_DiscModeCmd	16	static
stm32f4xx_adc.c:948:10:ADC_GetConversionValue	16	static
stm32f4xx_adc.c:968:10:ADC_GetMultiModeConversionValue	4	static
stm32f4xx_adc.c:1014:6:ADC_DMACmd	16	static
stm32f4xx_adc.c:1036:6:ADC_DMARequestAfterLastTransferCmd	16	static
stm32f4xx_adc.c:1061:6:ADC_MultiModeDMARequestAfterLastTransferCmd	16	static
stm32f4xx_adc.c:1147:6:ADC_InjectedChannelConfig	32	static
stm32f4xx_adc.c:1206:6:ADC_InjectedSequencerLengthConfig	24	static
stm32f4xx_adc.c:1239:6:ADC_SetInjectedOffset	24	static
stm32f4xx_adc.c:1274:6:ADC_ExternalTrigInjectedConvConfig	24	static
stm32f4xx_adc.c:1306:6:ADC_ExternalTrigInjectedConvEdgeConfig	24	static
stm32f4xx_adc.c:1325:6:ADC_SoftwareStartInjectedConv	16	static
stm32f4xx_adc.c:1337:12:ADC_GetSoftwareStartInjectedConvCmdStatus	24	static
stm32f4xx_adc.c:1365:6:ADC_AutoInjectedConvCmd	16	static
stm32f4xx_adc.c:1389:6:ADC_InjectedDiscModeCmd	16	static
stm32f4xx_adc.c:1415:10:ADC_GetInjectedConversionValue	24	static
stm32f4xx_adc.c:1520:6:ADC_ITConfig	24	static
stm32f4xx_adc.c:1554:12:ADC_GetFlagStatus	24	static
stm32f4xx_adc.c:1587:6:ADC_ClearFlag	16	static
stm32f4xx_adc.c:1606:10:ADC_GetITStatus	32	static
stm32f4xx_adc.c:1644:6:ADC_ClearITPendingBit	24	static
