stm32f4xx_fmc.c:136:6:FMC_NORSRAMDeInit	16	static
stm32f4xx_fmc.c:163:6:FMC_NORSRAMInit	32	static
stm32f4xx_fmc.c:280:6:FMC_NORSRAMStructInit	16	static
stm32f4xx_fmc.c:313:6:FMC_NORSRAMCmd	16	static
stm32f4xx_fmc.c:386:6:FMC_NANDDeInit	16	static
stm32f4xx_fmc.c:414:6:FMC_NANDInit	32	static
stm32f4xx_fmc.c:508:6:FMC_NANDStructInit	16	static
stm32f4xx_fmc.c:537:6:FMC_NANDCmd	16	static
stm32f4xx_fmc.c:575:6:FMC_NANDECCCmd	16	static
stm32f4xx_fmc.c:612:10:FMC_GetECC	24	static
stm32f4xx_fmc.c:676:6:FMC_PCCARDDeInit	4	static
stm32f4xx_fmc.c:693:6:FMC_PCCARDInit	32	static
stm32f4xx_fmc.c:784:6:FMC_PCCARDStructInit	16	static
stm32f4xx_fmc.c:810:6:FMC_PCCARDCmd	16	static
stm32f4xx_fmc.c:882:6:FMC_SDRAMDeInit	16	static
stm32f4xx_fmc.c:902:6:FMC_SDRAMInit	32	static
stm32f4xx_fmc.c:1029:6:FMC_SDRAMStructInit	16	static
stm32f4xx_fmc.c:1059:6:FMC_SDRAMCmdConfig	24	static
stm32f4xx_fmc.c:1085:10:FMC_GetModeStatus	24	static
stm32f4xx_fmc.c:1111:6:FMC_SetRefreshCount	16	static
stm32f4xx_fmc.c:1125:6:FMC_SetAutoRefresh_Number	16	static
stm32f4xx_fmc.c:1141:6:FMC_SDRAMWriteProtectionConfig	16	static
stm32f4xx_fmc.c:1193:6:FMC_ITConfig	24	static
stm32f4xx_fmc.c:1270:12:FMC_GetFlagStatus	24	static
stm32f4xx_fmc.c:1326:6:FMC_ClearFlag	16	static
stm32f4xx_fmc.c:1369:10:FMC_GetITStatus	40	static
stm32f4xx_fmc.c:1441:6:FMC_ClearITPendingBit	16	static
