stm32f4xx_usart.c:187:6:USART_DeInit	16	static
stm32f4xx_usart.c:246:6:USART_Init	48	static
stm32f4xx_usart.c:350:6:USART_StructInit	16	static
stm32f4xx_usart.c:370:6:USART_ClockInit	24	static
stm32f4xx_usart.c:396:6:USART_ClockStructInit	16	static
stm32f4xx_usart.c:413:6:USART_Cmd	16	static
stm32f4xx_usart.c:437:6:USART_SetPrescaler	16	static
stm32f4xx_usart.c:458:6:USART_OverSampling8Cmd	16	static
stm32f4xx_usart.c:484:6:USART_OneBitMethodCmd	16	static
stm32f4xx_usart.c:541:6:USART_SendData	16	static
stm32f4xx_usart.c:553:10:USART_ReceiveData	16	static
stm32f4xx_usart.c:603:6:USART_SetAddress	16	static
stm32f4xx_usart.c:623:6:USART_ReceiverWakeUpCmd	16	static
stm32f4xx_usart.c:650:6:USART_WakeUpConfig	16	static
stm32f4xx_usart.c:719:6:USART_LINBreakDetectLengthConfig	16	static
stm32f4xx_usart.c:737:6:USART_LINCmd	16	static
stm32f4xx_usart.c:761:6:USART_SendBreak	16	static
stm32f4xx_usart.c:814:6:USART_HalfDuplexCmd	16	static
stm32f4xx_usart.c:898:6:USART_SetGuardTime	16	static
stm32f4xx_usart.c:917:6:USART_SmartCardCmd	16	static
stm32f4xx_usart.c:942:6:USART_SmartCardNACKCmd	16	static
stm32f4xx_usart.c:1013:6:USART_IrDAConfig	16	static
stm32f4xx_usart.c:1031:6:USART_IrDACmd	16	static
stm32f4xx_usart.c:1077:6:USART_DMACmd	16	static
stm32f4xx_usart.c:1209:6:USART_ITConfig	32	static
stm32f4xx_usart.c:1273:12:USART_GetFlagStatus	24	static
stm32f4xx_usart.c:1322:6:USART_ClearFlag	16	static
stm32f4xx_usart.c:1356:10:USART_GetITStatus	32	static
stm32f4xx_usart.c:1430:6:USART_ClearITPendingBit	24	static
