stm32f4xx_flash.c:277:6:FLASH_SetLatency	16	static
stm32f4xx_flash.c:291:6:FLASH_PrefetchBufferCmd	16	static
stm32f4xx_flash.c:313:6:FLASH_InstructionCacheCmd	16	static
stm32f4xx_flash.c:334:6:FLASH_DataCacheCmd	16	static
stm32f4xx_flash.c:355:6:FLASH_InstructionCacheReset	4	static
stm32f4xx_flash.c:366:6:FLASH_DataCacheReset	4	static
stm32f4xx_flash.c:413:6:FLASH_Unlock	4	static
stm32f4xx_flash.c:428:6:FLASH_Lock	4	static
stm32f4xx_flash.c:471:14:FLASH_EraseSector	24	static
stm32f4xx_flash.c:539:14:FLASH_EraseAllSectors	24	static
stm32f4xx_flash.c:620:14:FLASH_EraseAllBank1Sectors	24	static
stm32f4xx_flash.c:687:14:FLASH_EraseAllBank2Sectors	24	static
stm32f4xx_flash.c:744:14:FLASH_ProgramDoubleWord	32	static
stm32f4xx_flash.c:786:14:FLASH_ProgramWord	24	static
stm32f4xx_flash.c:827:14:FLASH_ProgramHalfWord	24	static
stm32f4xx_flash.c:868:14:FLASH_ProgramByte	24	static
stm32f4xx_flash.c:966:6:FLASH_OB_Unlock	4	static
stm32f4xx_flash.c:981:6:FLASH_OB_Lock	4	static
stm32f4xx_flash.c:1004:6:FLASH_OB_WRPConfig	24	static
stm32f4xx_flash.c:1046:6:FLASH_OB_WRP1Config	24	static
stm32f4xx_flash.c:1096:6:FLASH_OB_PCROPSelectionConfig	24	static
stm32f4xx_flash.c:1127:6:FLASH_OB_PCROPConfig	24	static
stm32f4xx_flash.c:1164:6:FLASH_OB_PCROP1Config	24	static
stm32f4xx_flash.c:1200:6:FLASH_OB_RDPConfig	24	static
stm32f4xx_flash.c:1232:6:FLASH_OB_UserConfig	24	static
stm32f4xx_flash.c:1273:6:FLASH_OB_BootConfig	16	static
stm32f4xx_flash.c:1294:6:FLASH_OB_BORConfig	16	static
stm32f4xx_flash.c:1311:14:FLASH_OB_Launch	16	static
stm32f4xx_flash.c:1330:9:FLASH_OB_GetUser	4	static
stm32f4xx_flash.c:1341:10:FLASH_OB_GetWRP	4	static
stm32f4xx_flash.c:1355:10:FLASH_OB_GetWRP1	4	static
stm32f4xx_flash.c:1369:10:FLASH_OB_GetPCROP	4	static
stm32f4xx_flash.c:1383:10:FLASH_OB_GetPCROP1	4	static
stm32f4xx_flash.c:1396:12:FLASH_OB_GetRDP	16	static
stm32f4xx_flash.c:1420:9:FLASH_OB_GetBOR	4	static
stm32f4xx_flash.c:1449:6:FLASH_ITConfig	16	static
stm32f4xx_flash.c:1480:12:FLASH_GetFlagStatus	24	static
stm32f4xx_flash.c:1510:6:FLASH_ClearFlag	16	static
stm32f4xx_flash.c:1524:14:FLASH_GetStatus	16	static
stm32f4xx_flash.c:1574:14:FLASH_WaitForLastOperation	16	static
