stm32f4xx_rcc.c:225:6:RCC_DeInit	4	static
stm32f4xx_rcc.c:284:6:RCC_HSEConfig	16	static
stm32f4xx_rcc.c:308:13:RCC_WaitForHSEStartUp	16	static
stm32f4xx_rcc.c:339:6:RCC_AdjustHSICalibrationValue	24	static
stm32f4xx_rcc.c:375:6:RCC_HSICmd	16	static
stm32f4xx_rcc.c:400:6:RCC_LSEConfig	16	static
stm32f4xx_rcc.c:440:6:RCC_LSICmd	16	static
stm32f4xx_rcc.c:539:6:RCC_PLLConfig	24	static
stm32f4xx_rcc.c:563:6:RCC_PLLCmd	16	static
stm32f4xx_rcc.c:667:6:RCC_PLLI2SConfig	24	static
stm32f4xx_rcc.c:732:6:RCC_PLLI2SCmd	16	static
stm32f4xx_rcc.c:841:6:RCC_PLLSAIConfig	24	static
stm32f4xx_rcc.c:861:6:RCC_PLLSAICmd	16	static
stm32f4xx_rcc.c:879:6:RCC_ClockSecuritySystemCmd	16	static
stm32f4xx_rcc.c:904:6:RCC_MCO1Config	24	static
stm32f4xx_rcc.c:949:6:RCC_MCO2Config	24	static
stm32f4xx_rcc.c:1149:6:RCC_SYSCLKConfig	24	static
stm32f4xx_rcc.c:1177:9:RCC_GetSYSCLKSource	4	static
stm32f4xx_rcc.c:1202:6:RCC_HCLKConfig	24	static
stm32f4xx_rcc.c:1233:6:RCC_PCLK1Config	24	static
stm32f4xx_rcc.c:1264:6:RCC_PCLK2Config	24	static
stm32f4xx_rcc.c:1316:6:RCC_GetClocksFreq	40	static
stm32f4xx_rcc.c:1469:6:RCC_RTCCLKConfig	24	static
stm32f4xx_rcc.c:1501:6:RCC_RTCCLKCmd	16	static
stm32f4xx_rcc.c:1518:6:RCC_BackupResetCmd	16	static
stm32f4xx_rcc.c:1642:6:RCC_I2SCLKConfig	16	static
stm32f4xx_rcc.c:1669:6:RCC_SAIBlockACLKConfig	24	static
stm32f4xx_rcc.c:1705:6:RCC_SAIBlockBCLKConfig	24	static
stm32f4xx_rcc.c:1738:6:RCC_SAIPLLI2SClkDivConfig	24	static
stm32f4xx_rcc.c:1770:6:RCC_SAIPLLSAIClkDivConfig	24	static
stm32f4xx_rcc.c:1806:6:RCC_LTDCCLKDivConfig	24	static
stm32f4xx_rcc.c:1903:6:RCC_TIMCLKPresConfig	16	static
stm32f4xx_rcc.c:1945:6:RCC_AHB1PeriphClockCmd	16	static
stm32f4xx_rcc.c:1974:6:RCC_AHB2PeriphClockCmd	16	static
stm32f4xx_rcc.c:2004:6:RCC_AHB3PeriphClockCmd	16	static
stm32f4xx_rcc.c:2061:6:RCC_APB1PeriphClockCmd	16	static
stm32f4xx_rcc.c:2109:6:RCC_APB2PeriphClockCmd	16	static
stm32f4xx_rcc.c:2150:6:RCC_AHB1PeriphResetCmd	16	static
stm32f4xx_rcc.c:2179:6:RCC_AHB2PeriphResetCmd	16	static
stm32f4xx_rcc.c:2206:6:RCC_AHB3PeriphResetCmd	16	static
stm32f4xx_rcc.c:2260:6:RCC_APB1PeriphResetCmd	16	static
stm32f4xx_rcc.c:2303:6:RCC_APB2PeriphResetCmd	16	static
stm32f4xx_rcc.c:2352:6:RCC_AHB1PeriphClockLPModeCmd	16	static
stm32f4xx_rcc.c:2384:6:RCC_AHB2PeriphClockLPModeCmd	16	static
stm32f4xx_rcc.c:2414:6:RCC_AHB3PeriphClockLPModeCmd	16	static
stm32f4xx_rcc.c:2471:6:RCC_APB1PeriphClockLPModeCmd	16	static
stm32f4xx_rcc.c:2518:6:RCC_APB2PeriphClockLPModeCmd	16	static
stm32f4xx_rcc.c:2542:6:RCC_LSEModeConfig	16	static
stm32f4xx_rcc.c:2854:6:RCC_ITConfig	16	static
stm32f4xx_rcc.c:2891:12:RCC_GetFlagStatus	32	static
stm32f4xx_rcc.c:2936:6:RCC_ClearFlag	4	static
stm32f4xx_rcc.c:2956:10:RCC_GetITStatus	24	static
stm32f4xx_rcc.c:2990:6:RCC_ClearITPendingBit	16	static
